Determining if the pthread_create exist failed with the following output:
Change Dir: /home/magnus/CAS/SensorFusion/autonomous_ws/build/catkin_tools_prebuild/CMakeFiles/CMakeTmp

Run Build Command:"/usr/bin/make" "cmTC_50826/fast"
/usr/bin/make -f CMakeFiles/cmTC_50826.dir/build.make CMakeFiles/cmTC_50826.dir/build
make[1]: Entering directory '/home/magnus/CAS/SensorFusion/autonomous_ws/build/catkin_tools_prebuild/CMakeFiles/CMakeTmp'
Building C object CMakeFiles/cmTC_50826.dir/CheckSymbolExists.c.o
/usr/bin/cc    -o CMakeFiles/cmTC_50826.dir/CheckSymbolExists.c.o   -c /home/magnus/CAS/SensorFusion/autonomous_ws/build/catkin_tools_prebuild/CMakeFiles/CMakeTmp/CheckSymbolExists.c
Linking C executable cmTC_50826
/usr/bin/cmake -E cmake_link_script CMakeFiles/cmTC_50826.dir/link.txt --verbose=1
/usr/bin/cc      -rdynamic CMakeFiles/cmTC_50826.dir/CheckSymbolExists.c.o  -o cmTC_50826 
CMakeFiles/cmTC_50826.dir/CheckSymbolExists.c.o: In function `main':
CheckSymbolExists.c:(.text+0x1b): undefined reference to `pthread_create'
collect2: error: ld returned 1 exit status
CMakeFiles/cmTC_50826.dir/build.make:97: recipe for target 'cmTC_50826' failed
make[1]: *** [cmTC_50826] Error 1
make[1]: Leaving directory '/home/magnus/CAS/SensorFusion/autonomous_ws/build/catkin_tools_prebuild/CMakeFiles/CMakeTmp'
Makefile:126: recipe for target 'cmTC_50826/fast' failed
make: *** [cmTC_50826/fast] Error 2

File /home/magnus/CAS/SensorFusion/autonomous_ws/build/catkin_tools_prebuild/CMakeFiles/CMakeTmp/CheckSymbolExists.c:
/* */
#include <pthread.h>

int main(int argc, char** argv)
{
  (void)argv;
#ifndef pthread_create
  return ((int*)(&pthread_create))[argc];
#else
  (void)argc;
  return 0;
#endif
}

Determining if the function pthread_create exists in the pthreads failed with the following output:
Change Dir: /home/magnus/CAS/SensorFusion/autonomous_ws/build/catkin_tools_prebuild/CMakeFiles/CMakeTmp

Run Build Command:"/usr/bin/make" "cmTC_a87bf/fast"
/usr/bin/make -f CMakeFiles/cmTC_a87bf.dir/build.make CMakeFiles/cmTC_a87bf.dir/build
make[1]: Entering directory '/home/magnus/CAS/SensorFusion/autonomous_ws/build/catkin_tools_prebuild/CMakeFiles/CMakeTmp'
Building C object CMakeFiles/cmTC_a87bf.dir/CheckFunctionExists.c.o
/usr/bin/cc   -DCHECK_FUNCTION_EXISTS=pthread_create   -o CMakeFiles/cmTC_a87bf.dir/CheckFunctionExists.c.o   -c /usr/share/cmake-3.10/Modules/CheckFunctionExists.c
Linking C executable cmTC_a87bf
/usr/bin/cmake -E cmake_link_script CMakeFiles/cmTC_a87bf.dir/link.txt --verbose=1
/usr/bin/cc  -DCHECK_FUNCTION_EXISTS=pthread_create    -rdynamic CMakeFiles/cmTC_a87bf.dir/CheckFunctionExists.c.o  -o cmTC_a87bf -lpthreads 
/usr/bin/ld: cannot find -lpthreads
collect2: error: ld returned 1 exit status
CMakeFiles/cmTC_a87bf.dir/build.make:97: recipe for target 'cmTC_a87bf' failed
make[1]: *** [cmTC_a87bf] Error 1
make[1]: Leaving directory '/home/magnus/CAS/SensorFusion/autonomous_ws/build/catkin_tools_prebuild/CMakeFiles/CMakeTmp'
Makefile:126: recipe for target 'cmTC_a87bf/fast' failed
make: *** [cmTC_a87bf/fast] Error 2


