Determining if the pthread_create exist failed with the following output:
Change Dir: /home/august/src/Firmware/build/px4_sitl_default/build_gazebo/CMakeFiles/CMakeTmp

Run Build Command:"/usr/bin/ninja" "cmTC_e4970"
[1/2] Building C object CMakeFiles/cmTC_e4970.dir/CheckSymbolExists.c.o
[2/2] Linking C executable cmTC_e4970
FAILED: cmTC_e4970 
: && /usr/bin/cc    CMakeFiles/cmTC_e4970.dir/CheckSymbolExists.c.o  -o cmTC_e4970   && :
CMakeFiles/cmTC_e4970.dir/CheckSymbolExists.c.o: In function `main':
CheckSymbolExists.c:(.text+0x1b): undefined reference to `pthread_create'
collect2: error: ld returned 1 exit status
ninja: build stopped: subcommand failed.

File /home/august/src/Firmware/build/px4_sitl_default/build_gazebo/CMakeFiles/CMakeTmp/CheckSymbolExists.c:
/* */
#include <pthread.h>

int main(int argc, char** argv)
{
  (void)argv;
#ifndef pthread_create
  return ((int*)(&pthread_create))[argc];
#else
  (void)argc;
  return 0;
#endif
}

Determining if the function pthread_create exists in the pthreads failed with the following output:
Change Dir: /home/august/src/Firmware/build/px4_sitl_default/build_gazebo/CMakeFiles/CMakeTmp

Run Build Command:"/usr/bin/ninja" "cmTC_4a7a3"
[1/2] Building C object CMakeFiles/cmTC_4a7a3.dir/CheckFunctionExists.c.o
[2/2] Linking C executable cmTC_4a7a3
FAILED: cmTC_4a7a3 
: && /usr/bin/cc -DCHECK_FUNCTION_EXISTS=pthread_create   CMakeFiles/cmTC_4a7a3.dir/CheckFunctionExists.c.o  -o cmTC_4a7a3  -lpthreads && :
/usr/bin/ld: cannot find -lpthreads
collect2: error: ld returned 1 exit status
ninja: build stopped: subcommand failed.


