Determining if the pthread_create exist failed with the following output:
Change Dir: /home/magnus/CAS/SensorFusion/autonomous_ws/build/libmavconn/CMakeFiles/CMakeTmp

Run Build Command:"/usr/bin/make" "cmTC_5c24e/fast"
/usr/bin/make -f CMakeFiles/cmTC_5c24e.dir/build.make CMakeFiles/cmTC_5c24e.dir/build
make[1]: Entering directory '/home/magnus/CAS/SensorFusion/autonomous_ws/build/libmavconn/CMakeFiles/CMakeTmp'
Building C object CMakeFiles/cmTC_5c24e.dir/CheckSymbolExists.c.o
/usr/bin/cc    -o CMakeFiles/cmTC_5c24e.dir/CheckSymbolExists.c.o   -c /home/magnus/CAS/SensorFusion/autonomous_ws/build/libmavconn/CMakeFiles/CMakeTmp/CheckSymbolExists.c
Linking C executable cmTC_5c24e
/usr/bin/cmake -E cmake_link_script CMakeFiles/cmTC_5c24e.dir/link.txt --verbose=1
/usr/bin/cc      -rdynamic CMakeFiles/cmTC_5c24e.dir/CheckSymbolExists.c.o  -o cmTC_5c24e 
CMakeFiles/cmTC_5c24e.dir/CheckSymbolExists.c.o: In function `main':
CheckSymbolExists.c:(.text+0x1b): undefined reference to `pthread_create'
collect2: error: ld returned 1 exit status
CMakeFiles/cmTC_5c24e.dir/build.make:97: recipe for target 'cmTC_5c24e' failed
make[1]: *** [cmTC_5c24e] Error 1
make[1]: Leaving directory '/home/magnus/CAS/SensorFusion/autonomous_ws/build/libmavconn/CMakeFiles/CMakeTmp'
Makefile:126: recipe for target 'cmTC_5c24e/fast' failed
make: *** [cmTC_5c24e/fast] Error 2

File /home/magnus/CAS/SensorFusion/autonomous_ws/build/libmavconn/CMakeFiles/CMakeTmp/CheckSymbolExists.c:
/* */
#include <pthread.h>

int main(int argc, char** argv)
{
  (void)argv;
#ifndef pthread_create
  return ((int*)(&pthread_create))[argc];
#else
  (void)argc;
  return 0;
#endif
}

Determining if the function pthread_create exists in the pthreads failed with the following output:
Change Dir: /home/magnus/CAS/SensorFusion/autonomous_ws/build/libmavconn/CMakeFiles/CMakeTmp

Run Build Command:"/usr/bin/make" "cmTC_07b7c/fast"
/usr/bin/make -f CMakeFiles/cmTC_07b7c.dir/build.make CMakeFiles/cmTC_07b7c.dir/build
make[1]: Entering directory '/home/magnus/CAS/SensorFusion/autonomous_ws/build/libmavconn/CMakeFiles/CMakeTmp'
Building C object CMakeFiles/cmTC_07b7c.dir/CheckFunctionExists.c.o
/usr/bin/cc   -DCHECK_FUNCTION_EXISTS=pthread_create   -o CMakeFiles/cmTC_07b7c.dir/CheckFunctionExists.c.o   -c /usr/share/cmake-3.10/Modules/CheckFunctionExists.c
Linking C executable cmTC_07b7c
/usr/bin/cmake -E cmake_link_script CMakeFiles/cmTC_07b7c.dir/link.txt --verbose=1
/usr/bin/cc  -DCHECK_FUNCTION_EXISTS=pthread_create    -rdynamic CMakeFiles/cmTC_07b7c.dir/CheckFunctionExists.c.o  -o cmTC_07b7c -lpthreads 
/usr/bin/ld: cannot find -lpthreads
collect2: error: ld returned 1 exit status
CMakeFiles/cmTC_07b7c.dir/build.make:97: recipe for target 'cmTC_07b7c' failed
make[1]: *** [cmTC_07b7c] Error 1
make[1]: Leaving directory '/home/magnus/CAS/SensorFusion/autonomous_ws/build/libmavconn/CMakeFiles/CMakeTmp'
Makefile:126: recipe for target 'cmTC_07b7c/fast' failed
make: *** [cmTC_07b7c/fast] Error 2


